1) bledser01 vs. WAS on 12/21/2014 -- 35.75
2) dragigo01 vs. WAS on 12/21/2014 -- 31.0
3) lenal01 vs. WAS on 12/21/2014 -- 26.5
4) morrima02 vs. WAS on 12/21/2014 -- 20.5
5) thomais02 vs. WAS on 12/21/2014 -- 17.75
6) greenge01 vs. WAS on 12/21/2014 -- 17.5
7) plumlmi01 vs. WAS on 12/21/2014 -- 17.0
8) morrima03 vs. WAS on 12/21/2014 -- 12.5
9) tuckepj01 vs. WAS on 12/21/2014 -- 11.25
10) randosh01 vs. WAS on 12/21/2014 -- 6.5
