{'Player': 'curryst01', 'PTS': 31}
{'Player': 'rondora01', 'PTS': 12}
{'Player': 'jamesle01', 'PTS': 23}
